../Core/Src/main.c:132:5:main	8	static
../Core/Src/main.c:239:6:SystemClock_Config	88	static
../Core/Src/main.c:286:13:MX_ADC1_Init	24	static
../Core/Src/main.c:333:13:MX_ADC2_Init	24	static
../Core/Src/main.c:380:13:MX_TIM2_Init	48	static
../Core/Src/main.c:429:13:MX_GPIO_Init	40	static
../Core/Src/main.c:470:6:LCD_init	8	static
../Core/Src/main.c:483:6:LCD_cmd	16	static,ignoring_inline_asm
../Core/Src/main.c:492:6:send_to_LCD	16	static,ignoring_inline_asm
../Core/Src/main.c:502:6:set_LCD_dir	16	static
../Core/Src/main.c:511:6:set_cursor_pos	24	static,ignoring_inline_asm
../Core/Src/main.c:526:6:move_cursor_n_times	24	static
../Core/Src/main.c:537:6:write_string_LCD	16	static
../Core/Src/main.c:542:6:write_int_LCD	24	static
../Core/Src/main.c:568:6:startBreakInputTask	24	static
../Core/Src/main.c:592:6:startThrottleInputTask	24	static
../Core/Src/main.c:616:6:startGearSelectTask	32	static
../Core/Src/main.c:645:6:startDataProcessTask	64	static
../Core/Src/main.c:713:6:startOutputDispTask	40	static
../Core/Src/main.c:751:6:HAL_TIM_PeriodElapsedCallback	16	static
../Core/Src/main.c:768:6:Error_Handler	4	static,ignoring_inline_asm
